// Jest Snapshot v1, https://goo.gl/fbAQLP

exports[`App matches the snapshot 1`] = `
<div
  className="App"
>
  <Connect(Header)
    stories={Array []}
  />
  <Switch>
    <Route
      component={[Function]}
      exact={true}
      path="/"
    />
    <Route
      component={[Function]}
      exact={true}
      path="/saved"
    />
    <Route
      component={[Function]}
      exact={true}
      path="/transgender"
    />
    <Route
      component={[Function]}
      exact={true}
      path="/immigration"
    />
    <Route
      component={[Function]}
      exact={true}
      path="/black-lives-matter"
    />
    <Route
      component={[Function]}
    />
  </Switch>
</div>
`;
