// Jest Snapshot v1, https://goo.gl/fbAQLP

exports[`App App Component matches the snapshot 1`] = `
<div
  className="App"
>
  <Header />
  <Switch>
    <Route
      component={[Function]}
      exact={true}
      path="/"
    />
    <Route
      exact={true}
      path="/saved"
      render={[Function]}
    />
    <Route
      exact={true}
      path="/transgender"
      render={[Function]}
    />
    <Route
      exact={true}
      path="/immigration"
      render={[Function]}
    />
    <Route
      exact={true}
      path="/black-lives-matter"
      render={[Function]}
    />
    <Route
      component={[Function]}
    />
  </Switch>
</div>
`;
