// Jest Snapshot v1, https://goo.gl/fbAQLP

exports[`CardContainer CardContainer component matches the snapshot 1`] = `undefined`;

exports[`CardContainer CardContainer component should render the Loader if isLoading(true) 1`] = `
<main>
  <h2
    className="cc-title"
  >
    Latest News
  </h2>
  <div
    className="CardContainer"
  >
    <Loader />
  </div>
</main>
`;
