// Jest Snapshot v1, https://goo.gl/fbAQLP

exports[`Header Header Component matches the snapshot 1`] = `
<div
  className="Header"
>
  <Link
    className="h-logo-group"
    replace={false}
    to="/"
  >
    <img
      alt="A space shuttle"
      className="h-logo"
      src="space-shuttle.svg"
    />
    <h1>
      Allyship
    </h1>
  </Link>
  <nav
    className="h-nav-group"
  >
    <NavLink
      activeClassName="active"
      aria-current="page"
      className="h-categories btn"
      exact={true}
      to="/"
    >
      Categories
    </NavLink>
    <NavLink
      activeClassName="active"
      aria-current="page"
      className="h-saved btn"
      exact={true}
      to="/saved"
    >
      Saved
      <span
        className="h-badge"
      >
         0
      </span>
    </NavLink>
  </nav>
</div>
`;
